2026-08-27 00:19:39 | ger@gmail.com | 292907
2026-08-27 00:20:59 | ger@gmail.com | 711020
2026-08-27 00:40:14 | ger@gmail.com | 720112
2026-08-27 00:40:42 | ger@gmail.com | 495464
2026-08-27 00:44:06 | ger@gmail.com | 361781
2026-08-29 00:39:13 | ger@gmail.com | 756537
2026-08-29 00:40:32 | massa@gmail.com | 512964
2026-08-29 00:43:51 | ger@gmail.com | 116391
2026-08-29 00:44:39 | massa@gmail.com | 974129
2026-08-29 00:45:07 | massa@gmail.com | 457130
2026-08-29 03:03:03 | massa@gmail.com | 799607
2026-08-29 03:11:00 | massa@gmail.com | 575430
2026-08-29 03:12:16 | ger@gmail.com | 802533
2026-09-01 00:26:07 | ger@gmail.com | 457616
2026-09-01 00:32:48 | lauti@gmail.com | 184611
2026-09-01 00:39:38 | messi@yopmail.com | 067239
2026-09-01 00:40:49 | ger@gmail.com | 146740
2026-09-01 00:41:22 | ger@gmail.com | 551415
2026-09-09 21:47:38 | prueba@gmail.om | 328044
2026-09-10 00:23:49 | ger@gmail.com | 778682
2026-09-10 04:29:06 | ger@gmail.com | 093463
2026-09-10 04:48:01 | ger@gmail.com | 132048
2026-09-10 18:54:56 | prueba@gmail.com | 474029
2026-09-10 18:55:25 | prueba@gmail.com | 118090
2026-09-10 19:43:00 | prueba@gmail.com | 890414
2026-09-10 19:47:54 | lala@gmail.com | 117327
2026-09-10 19:48:13 | lala@gmail.com | 383910
2026-09-10 19:48:57 | prueba@gmail.com | 126767
2026-09-11 01:50:58 | prueba@gmail.com | 830831
2026-09-11 01:53:38 | fafa@gmail.com | 804082
2026-09-11 01:53:58 | fafa@gmail.com | 900757
2026-09-11 01:54:48 | prueba@gmail.com | 649254
2026-09-11 17:36:02 | fafa@gmail.com | 891846
2026-09-11 17:36:52 | prueba@gmail.com | 999232
